\BOOKMARK [0][]{ctitle.0}{\376\377\130\153\121\231\170\125\130\353\133\146\117\115\213\272\145\207\230\230\166\356}{}% 1
\BOOKMARK [0][]{etitle.0}{\376\377\000T\000i\000t\000l\000e\000\040\000o\000f\000\040\000t\000h\000e\000\040\000M\000a\000s\000t\000e\000r\000'\000s\000\040\000T\000h\000e\000s\000i\000s}{}% 2
\BOOKMARK [0][]{section*.3}{\376\377\144\130\000\040\211\201}{}% 3
\BOOKMARK [0][]{section*.5}{\376\377\000A\000b\000s\000t\000r\000a\000c\000t}{}% 4
\BOOKMARK [0][]{ccontent.0}{\376\377\166\356\000\040\137\125}{}% 5
\BOOKMARK [0][]{chapter.1}{\376\377\173\054\0001\172\340\000\040\176\352\213\272}{}% 6
\BOOKMARK [1][]{section.1.1}{\376\377\0001\000.\0001\000\040\170\024\172\166\200\314\146\157\116\016\141\017\116\111}{chapter.1}% 7
\BOOKMARK [1][]{section.1.2}{\376\377\0001\000.\0002\000\040\166\370\121\163\135\345\117\134}{chapter.1}% 8
\BOOKMARK [1][]{section.1.3}{\376\377\0001\000.\0003\000\040\170\024\172\166\121\205\133\271\116\016\213\272\145\207\176\323\147\204}{chapter.1}% 9
\BOOKMARK [0][]{chapter.2}{\376\377\173\054\0002\172\340\000\040\145\271\154\325\116\016\143\222\162\110\171\072\117\213}{}% 10
\BOOKMARK [1][]{section.2.1}{\376\377\0002\000.\0001\000\040\145\160\133\146\121\154\137\017}{chapter.2}% 11
\BOOKMARK [1][]{section.2.2}{\376\377\0002\000.\0002\000\040\173\227\154\325}{chapter.2}% 12
\BOOKMARK [1][]{section.2.3}{\376\377\0002\000.\0003\000\040\126\376\116\016\210\150}{chapter.2}% 13
\BOOKMARK [0][]{section*.11}{\376\377\176\323\000\040\213\272}{}% 14
\BOOKMARK [0][]{section*.13}{\376\377\116\272\135\345\146\172\200\375\117\177\165\050\130\360\146\016}{}% 15
\BOOKMARK [0][]{appendix.A}{\376\377\226\104\137\125\000\040\000A\000\040\210\145\121\105\147\120\145\231}{}% 16
\BOOKMARK [0][]{section*.16}{\376\377\145\073\213\373\170\125\130\353\133\146\117\115\147\037\225\364\123\326\137\227\122\033\145\260\140\047\142\020\147\234}{}% 17
\BOOKMARK [0][]{section*.18}{\376\377\124\310\134\024\156\350\135\345\116\032\131\047\133\146\133\146\117\115\213\272\145\207\123\237\122\033\140\047\130\360\146\016\124\214\117\177\165\050\147\103\226\120}{}% 18
\BOOKMARK [0][]{section*.20}{\376\377\201\364\000\040\214\042}{}% 19
\BOOKMARK [0][]{section*.22}{\376\377\116\052\116\272\173\200\123\206}{}% 20
